// Jest Snapshot v1, https://goo.gl/fbAQLP

exports[`CredentialCard11ActionFooter Component Matches snapshot 1`] = `
<View>
  <View
    style={
      Object {
        "backgroundColor": "#D3D3D3",
        "height": 2,
        "marginVertical": 10,
        "width": "100%",
      }
    }
  />
  <View>
    <RNGestureHandlerButton
      collapsable={false}
      onGestureEvent={[Function]}
      onGestureHandlerEvent={[Function]}
      onGestureHandlerStateChange={[Function]}
      onHandlerStateChange={[Function]}
      rippleColor={0}
      testID="com.ariesbifold:id/test"
    >
      <View
        accessible={true}
        collapsable={false}
        style={
          Object {
            "alignItems": "center",
            "display": "flex",
            "flexDirection": "row",
            "justifyContent": "center",
            "opacity": 1,
          }
        }
      >
        <Text
          style={
            Object {
              "color": "#FFFFFF",
              "fontSize": 20,
              "fontWeight": "bold",
            }
          }
        >
          sample
        </Text>
        <Text
          allowFontScaling={false}
          selectable={false}
          style={
            Array [
              Object {
                "color": undefined,
                "fontSize": 12,
              },
              Array [
                Object {
                  "color": "#FFFFFF",
                  "fontSize": 20,
                  "fontWeight": "bold",
                },
                Object {
                  "fontSize": 25,
                },
              ],
              Object {
                "fontFamily": "Material Icons",
                "fontStyle": "normal",
                "fontWeight": "normal",
              },
              Object {},
            ]
          }
        >
          î—Œ
        </Text>
      </View>
    </RNGestureHandlerButton>
  </View>
</View>
`;
