// Jest Snapshot v1, https://goo.gl/fbAQLP

exports[`PINCreateHeader Component Renders correctly 1`] = `
<View>
  <Text
    style={
      Array [
        Object {
          "color": "#FFFFFF",
          "fontSize": 18,
          "fontWeight": "normal",
        },
        Object {
          "marginBottom": 16,
        },
      ]
    }
  >
    <Text
      style={
        Object {
          "fontWeight": "bold",
        }
      }
    >
      PINCreate.RememberPIN
    </Text>
     
    PINCreate.PINDisclaimer
  </Text>
</View>
`;
